# Bake Begins!
### (1 of 6) Copy sources
$ cp -a /home/travis/build/fontdirectory/capriola/METADATA.json /home/travis/build/fontdirectory/capriola/builds/build
$ cp -a /home/travis/build/fontdirectory/capriola/FONTLOG.txt /home/travis/build/fontdirectory/capriola/builds/build
$ cp -a /home/travis/build/fontdirectory/capriola/DESCRIPTION.en_us.html /home/travis/build/fontdirectory/capriola/builds/build
$ cp -a Capriola-Regular.ttf.ttx src/Capriola-Regular.otf.ttx src/Capriola-Regular-TTF.sfd src/Capriola-Regular-OTF.sfd Capriola-Regular.ttf._l_o_c_a.ttx Capriola-Regular.ttf._h_m_t_x.ttx Capriola-Regular.ttf.GlyphOrder.ttx Capriola-Regular.ttf._c_m_a_p.ttx Capriola-Regular.ttf._h_h_e_a.ttx Capriola-Regular.ttf._p_r_e_p.ttx Capriola-Regular.ttf._h_e_a_d.ttx Capriola-Regular.ttf._p_o_s_t.ttx Capriola-Regular.ttf._g_l_y_f.ttx Capriola-Regular.ttf.F_F_T_M_.ttx Capriola-Regular.ttf.O_S_2f_2.ttx Capriola-Regular.ttf._m_a_x_p.ttx Capriola-Regular.ttf._c_v_t.ttx Capriola-Regular.ttf._g_a_s_p.ttx Capriola-Regular.ttf._f_p_g_m.ttx Capriola-Regular.ttf.G_D_E_F_.ttx Capriola-Regular.ttf._n_a_m_e.ttx src/Capriola-Regular.otf._h_h_e_a.ttx src/Capriola-Regular.otf._c_m_a_p.ttx src/Capriola-Regular.otf._n_a_m_e.ttx src/Capriola-Regular.otf.C_F_F_.ttx src/Capriola-Regular.otf._h_e_a_d.ttx src/Capriola-Regular.otf._m_a_x_p.ttx src/Capriola-Regular.otf.GlyphOrder.ttx src/Capriola-Regular.otf.O_S_2f_2.ttx src/Capriola-Regular.otf._h_m_t_x.ttx src/Capriola-Regular.otf._p_o_s_t.ttx /home/travis/build/fontdirectory/capriola/builds/build/sources
### (2 of 6) pyfontaine
### (3 of 6) Run upstream tests
$ bakery-lint.py upstream-repo sources
$ fontaine --collections subsets --text /home/travis/build/fontdirectory/capriola/builds/build/sources/Capriola-Regular.otf.ttx /home/travis/build/fontdirectory/capriola/builds/build/sources/Capriola-Regular.ttf.ttx /home/travis/build/fontdirectory/capriola/builds/build/sources/Capriola-Regular-TTF.sfd /home/travis/build/fontdirectory/capriola/builds/build/sources/Capriola-Regular-OTF.sfd > fontaine.txt
WARNING: Please install [PyICU](https://pypi.python.org/pypi/PyICU) toenable [feature], perhaps with: pip install pyicu
bakery_lint.tests.upstream.test_prepolation.FontTestPrepolation.test_font_prepolation_glyph_contours(): OK
pyfontaine error: Not a TrueType or OpenType font (bad sfntVersion)
pyfontaine process has been failed
bakery_lint.tests.upstream.test_prepolation.FontTestPrepolation.test_font_prepolation_glyph_points(): OK
bakery_lint.tests.upstream.test_prepolation.FontTestPrepolation.test_font_test_prepolation_glyph_names(): OK
bakery_lint.tests.upstream.test_check_upstream_sources.ProjectUpstreamTestCase.test_bakery_yaml_exists(): OK
bakery_lint.tests.upstream.test_check_upstream_sources.ProjectUpstreamTestCase.test_copyright_notices_same_across_family(): OK
bakery_lint.tests.upstream.test_check_upstream_sources.ProjectUpstreamTestCase.test_description_html_exists(): OK
bakery_lint.tests.upstream.test_check_upstream_sources.ProjectUpstreamTestCase.test_fontlog_txt_exists(): OK
bakery_lint.tests.upstream.test_check_upstream_sources.ProjectUpstreamTestCase.test_metadata_json_exists(): OK
bakery_lint.tests.upstream.test_diacritic.TestDiacritic.test_diacritic_made_as_component(): OK
bakery_lint.tests.upstream.test_diacritic.TestDiacritic.test_diacritic_made_as_mark_to_mark(): OK
bakery_lint.tests.upstream.test_diacritic.TestDiacritic.test_diacritic_made_as_own_glyphs(): OK
$ bakery-lint.py upstream-ttx Capriola-Regular.otf.ttx
bakery_lint.tests.upstream.test_check_ttx_requirements.SourceTTXTest.test_epar_in_keys(): FAIL
bakery_lint.tests.upstream.test_check_ttx_requirements.SourceTTXTest.test_os2_in_keys(): OK
bakery_lint.tests.upstream.test_check_ttx_requirements.SourceTTXTest.test_ttx_doesnt_contain_duplicate_glyphs(): OK
bakery_lint.tests.upstream.test_glyphname_does_not_contain_disallowed_chars.TestGlyphNameDoesNotContainsDisallowedChars.test_glyphname_does_not_contain_disallowed_chars(): FAIL
bakery_lint.tests.upstream.test_check_ttx_fontfamily_recommendations.TTX_FontFamilyNamingTest.test_ttx_family_naming_recommendation(): OK
bakery_lint.tests.upstream.test_font_filename_eq_familystyle.TestTTFSourceFontFileNameEqualsFamilyStyle.test_source_ttf_font_filename_equals_familystyle(): FAIL
$ mv /home/travis/build/fontdirectory/capriola/builds/build/sources/Capriola-Regular.otf.ttx /home/travis/build/fontdirectory/capriola/builds/build/sources/Capriola-Regular.ttx
bakery_lint.tests.upstream.test_font_filename_eq_familystyle.TestTTFSourceFontFileNameEqualsFamilyStyle.test_source_ttf_font_filename_equals_familystyle(): OK
$ bakery-lint.py upstream-ttx Capriola-Regular.ttf.ttx
bakery_lint.tests.upstream.test_check_ttx_requirements.SourceTTXTest.test_epar_in_keys(): FAIL
bakery_lint.tests.upstream.test_check_ttx_requirements.SourceTTXTest.test_os2_in_keys(): OK
bakery_lint.tests.upstream.test_check_ttx_requirements.SourceTTXTest.test_ttx_doesnt_contain_duplicate_glyphs(): OK
bakery_lint.tests.upstream.test_glyphname_does_not_contain_disallowed_chars.TestGlyphNameDoesNotContainsDisallowedChars.test_glyphname_does_not_contain_disallowed_chars(): FAIL
bakery_lint.tests.upstream.test_check_ttx_fontfamily_recommendations.TTX_FontFamilyNamingTest.test_ttx_family_naming_recommendation(): OK
bakery_lint.tests.upstream.test_font_filename_eq_familystyle.TestTTFSourceFontFileNameEqualsFamilyStyle.test_source_ttf_font_filename_equals_familystyle(): FAIL
$ mv /home/travis/build/fontdirectory/capriola/builds/build/sources/Capriola-Regular.ttf.ttx /home/travis/build/fontdirectory/capriola/builds/build/sources/Capriola-Regular.ttx
bakery_lint.tests.upstream.test_font_filename_eq_familystyle.TestTTFSourceFontFileNameEqualsFamilyStyle.test_source_ttf_font_filename_equals_familystyle(): OK
$ bakery-lint.py upstream Capriola-Regular-TTF.sfd
bakery_lint.tests.upstream.test_check_ufo_fontfamily_recommendations.TestUFOFontFamilyNamingTest.test_familyname_less_than_32_chars(): OK
bakery_lint.tests.upstream.test_check_ufo_fontfamily_recommendations.TestUFOFontFamilyNamingTest.test_fullfontname_less_than_64_chars(): OK
bakery_lint.tests.upstream.test_check_ufo_fontfamily_recommendations.TestUFOFontFamilyNamingTest.test_postscriptname_consistof_allowed_chars(): OK
bakery_lint.tests.upstream.test_check_ufo_fontfamily_recommendations.TestUFOFontFamilyNamingTest.test_postscriptname_less_than_30_chars(): OK
bakery_lint.tests.upstream.test_check_ufo_fontfamily_recommendations.TestUFOFontFamilyNamingTest.test_stylename_less_than_32_chars(): OK
bakery_lint.tests.upstream.test_check_ufo_fontfamily_recommendations.TestUFOFontFamilyNamingTest.test_weight_value_range_between_250_and_900(): OK
bakery_lint.tests.upstream.test_font_filename_eq_familystyle.TestTTFSourceFontFileNameEqualsFamilyStyle.test_source_ttf_font_filename_equals_familystyle(): ERROR
bakery_lint.tests.upstream.test_check_ufo_requirements.UfoOpenTest.test_has_rupee(): ERROR
bakery_lint.tests.upstream.test_check_ufo_requirements.UfoOpenTest.test_is_A(): ERROR
bakery_lint.tests.upstream.test_check_ufo_requirements.UfoOpenTest.test_is_A_a_glyph_instance(): ERROR
bakery_lint.tests.upstream.test_check_ufo_requirements.UfoOpenTest.test_is_ended_ufo(): ERROR
bakery_lint.tests.upstream.test_check_ufo_requirements.UfoOpenTest.test_is_folder(): ERROR
bakery_lint.tests.upstream.test_check_ufo_requirements.UfoOpenTest.test_is_fsType_eq_1(): ERROR
bakery_lint.tests.upstream.test_check_ufo_requirements.UfoOpenTest.test_it_exists(): ERROR
$ bakery-lint.py upstream Capriola-Regular-OTF.sfd
bakery_lint.tests.upstream.test_check_ufo_fontfamily_recommendations.TestUFOFontFamilyNamingTest.test_familyname_less_than_32_chars(): OK
bakery_lint.tests.upstream.test_check_ufo_fontfamily_recommendations.TestUFOFontFamilyNamingTest.test_fullfontname_less_than_64_chars(): OK
bakery_lint.tests.upstream.test_check_ufo_fontfamily_recommendations.TestUFOFontFamilyNamingTest.test_postscriptname_consistof_allowed_chars(): OK
bakery_lint.tests.upstream.test_check_ufo_fontfamily_recommendations.TestUFOFontFamilyNamingTest.test_postscriptname_less_than_30_chars(): OK
bakery_lint.tests.upstream.test_check_ufo_fontfamily_recommendations.TestUFOFontFamilyNamingTest.test_stylename_less_than_32_chars(): OK
bakery_lint.tests.upstream.test_check_ufo_fontfamily_recommendations.TestUFOFontFamilyNamingTest.test_weight_value_range_between_250_and_900(): OK
bakery_lint.tests.upstream.test_font_filename_eq_familystyle.TestTTFSourceFontFileNameEqualsFamilyStyle.test_source_ttf_font_filename_equals_familystyle(): ERROR
bakery_lint.tests.upstream.test_check_ufo_requirements.UfoOpenTest.test_has_rupee(): ERROR
bakery_lint.tests.upstream.test_check_ufo_requirements.UfoOpenTest.test_is_A(): ERROR
bakery_lint.tests.upstream.test_check_ufo_requirements.UfoOpenTest.test_is_A_a_glyph_instance(): ERROR
bakery_lint.tests.upstream.test_check_ufo_requirements.UfoOpenTest.test_is_ended_ufo(): ERROR
bakery_lint.tests.upstream.test_check_ufo_requirements.UfoOpenTest.test_is_folder(): ERROR
bakery_lint.tests.upstream.test_check_ufo_requirements.UfoOpenTest.test_is_fsType_eq_1(): ERROR
bakery_lint.tests.upstream.test_check_ufo_requirements.UfoOpenTest.test_it_exists(): ERROR
### (4 of 6) Convert sources to TTF
$ ttx -d /home/travis/build/fontdirectory/capriola/builds/build /home/travis/build/fontdirectory/capriola/builds/build/sources/Capriola-Regular.ttx
strippedname:/home/travis/build/fontdirectory/capriola/builds/build/sources/Capriola-Regular-TTF.sfd
strippedname:/home/travis/build/fontdirectory/capriola/builds/build/sources/Capriola-Regular-OTF.sfd
Compiling "/home/travis/build/fontdirectory/capriola/builds/build/sources/Capriola-Regular.ttx" to "/home/travis/build/fontdirectory/capriola/builds/build/Capriola-Regular.ttf"...
Parsing 'GlyphOrder' table...
Parsing 'head' table...
Parsing 'hhea' table...
Parsing 'maxp' table...
Parsing 'OS/2' table...
Parsing 'hmtx' table...
Parsing 'cmap' table...
Parsing 'fpgm' table...
Parsing 'prep' table...
Parsing 'cvt ' table...
Parsing 'loca' table...
Parsing 'glyf' table...
Parsing 'name' table...
Parsing 'post' table...
Parsing 'gasp' table...
Parsing 'FFTM' table...
Parsing 'GDEF' table...
$ font2ttf.py sources/Capriola-Regular-TTF.sfd Capriola-Regular-TTF.ttf
### Test Capriola-Regular.ttf
$ bakery-lint.py result Capriola-Regular.ttf
bakery_lint.tests.downstream.test_check_font_agreements.CheckFsTypeIsNotSet.test_is_fstype_not_set(): OK
$ bakery-fstype-fix.py --autofix /home/travis/build/fontdirectory/capriola/builds/build/Capriola-Regular.ttf
$ mv /home/travis/build/fontdirectory/capriola/builds/build/Capriola-Regular.ttf.fix /home/travis/build/fontdirectory/capriola/builds/build/Capriola-Regular.ttf
bakery_lint.tests.downstream.test_check_font_agreements.CheckFontAgreements.test_em_is_1000(): FAIL
bakery_lint.tests.downstream.test_check_font_agreements.CheckFontAgreements.test_file_is_font(): OK
bakery_lint.tests.downstream.test_check_font_agreements.CheckFontAgreements.test_font_is_font(): OK
bakery_lint.tests.downstream.test_check_font_agreements.CheckFontAgreements.test_latin_file_exists(): FAIL
bakery_lint.tests.downstream.test_check_unencoded_glyph.TestFontUnencodedGlyph.test_font_unencoded_glyphs(): FAIL
$ bakery-encode-glyphs-fix.py --autofix /home/travis/build/fontdirectory/capriola/builds/build/Capriola-Regular.ttf
$ mv /home/travis/build/fontdirectory/capriola/builds/build/Capriola-Regular.ttf.fix /home/travis/build/fontdirectory/capriola/builds/build/Capriola-Regular.ttf
bakery_lint.tests.downstream.test_check_unencoded_glyph.TestFontUnencodedGlyph.test_font_unencoded_glyphs(): FAIL
bakery_lint.tests.downstream.test_check_name_table_recommendation.CheckStyleNameRecommendation.test_check_stylename_is_under_recommendations(): OK
bakery_lint.tests.downstream.test_check_name_table_recommendation.CheckOTFamilyNameRecommendation.test_check_opentype_familyname(): FAIL
$ bakery-opentype-fix.py /home/travis/build/fontdirectory/capriola/builds/build/Capriola-Regular.ttf
$ mv /home/travis/build/fontdirectory/capriola/builds/build/Capriola-Regular.ttf.fix /home/travis/build/fontdirectory/capriola/builds/build/Capriola-Regular.ttf
bakery_lint.tests.downstream.test_check_name_table_recommendation.CheckOTFamilyNameRecommendation.test_check_opentype_familyname(): OK
bakery_lint.tests.downstream.test_check_name_table_recommendation.CheckOTStyleNameRecommendation.test_check_opentype_stylename(): OK
bakery_lint.tests.downstream.test_check_name_table_recommendation.CheckOTFullNameRecommendation.test_check_opentype_fullname(): OK
bakery_lint.tests.downstream.test_check_upm_heights_less_120.TestCheckUPMHeightsLess120.test_check_upm_heigths_less_120(): FAIL
bakery_lint.tests.downstream.test_check_vertical_metrics.CheckVerticalLinegapMetrics.test_metrics_linegaps_are_zero(): OK
bakery_lint.tests.downstream.test_check_vertical_metrics.CheckVerticalAscentMetrics.test_metrics_ascents_equal_bbox(): FAIL
$ bakery-vmet-fix.py --autofix /home/travis/build/fontdirectory/capriola/builds/build/Capriola-Regular.ttf
Success: Generated OpenType-TTF (/home/travis/build/fontdirectory/capriola/builds/build/Capriola-Regular-TTF.ttf)
$ font2ttf.py sources/Capriola-Regular-OTF.sfd Capriola-Regular-OTF.ttf
### Test Capriola-Regular-TTF.ttf
$ bakery-lint.py result Capriola-Regular-TTF.ttf
bakery_lint.tests.downstream.test_check_font_agreements.CheckFsTypeIsNotSet.test_is_fstype_not_set(): OK
$ bakery-fstype-fix.py --autofix /home/travis/build/fontdirectory/capriola/builds/build/Capriola-Regular-TTF.ttf
$ mv /home/travis/build/fontdirectory/capriola/builds/build/Capriola-Regular-TTF.ttf.fix /home/travis/build/fontdirectory/capriola/builds/build/Capriola-Regular-TTF.ttf
bakery_lint.tests.downstream.test_check_font_agreements.CheckFontAgreements.test_em_is_1000(): FAIL
bakery_lint.tests.downstream.test_check_font_agreements.CheckFontAgreements.test_file_is_font(): OK
bakery_lint.tests.downstream.test_check_font_agreements.CheckFontAgreements.test_font_is_font(): OK
bakery_lint.tests.downstream.test_check_font_agreements.CheckFontAgreements.test_latin_file_exists(): FAIL
bakery_lint.tests.downstream.test_check_unencoded_glyph.TestFontUnencodedGlyph.test_font_unencoded_glyphs(): FAIL
$ bakery-encode-glyphs-fix.py --autofix /home/travis/build/fontdirectory/capriola/builds/build/Capriola-Regular-TTF.ttf
$ mv /home/travis/build/fontdirectory/capriola/builds/build/Capriola-Regular-TTF.ttf.fix /home/travis/build/fontdirectory/capriola/builds/build/Capriola-Regular-TTF.ttf
bakery_lint.tests.downstream.test_check_unencoded_glyph.TestFontUnencodedGlyph.test_font_unencoded_glyphs(): FAIL
bakery_lint.tests.downstream.test_check_name_table_recommendation.CheckStyleNameRecommendation.test_check_stylename_is_under_recommendations(): OK
bakery_lint.tests.downstream.test_check_name_table_recommendation.CheckOTFamilyNameRecommendation.test_check_opentype_familyname(): FAIL
$ bakery-opentype-fix.py /home/travis/build/fontdirectory/capriola/builds/build/Capriola-Regular-TTF.ttf
$ mv /home/travis/build/fontdirectory/capriola/builds/build/Capriola-Regular-TTF.ttf.fix /home/travis/build/fontdirectory/capriola/builds/build/Capriola-Regular-TTF.ttf
bakery_lint.tests.downstream.test_check_name_table_recommendation.CheckOTFamilyNameRecommendation.test_check_opentype_familyname(): OK
bakery_lint.tests.downstream.test_check_name_table_recommendation.CheckOTStyleNameRecommendation.test_check_opentype_stylename(): OK
bakery_lint.tests.downstream.test_check_name_table_recommendation.CheckOTFullNameRecommendation.test_check_opentype_fullname(): OK
bakery_lint.tests.downstream.test_check_upm_heights_less_120.TestCheckUPMHeightsLess120.test_check_upm_heigths_less_120(): FAIL
bakery_lint.tests.downstream.test_check_vertical_metrics.CheckVerticalLinegapMetrics.test_metrics_linegaps_are_zero(): OK
$ mv /home/travis/build/fontdirectory/capriola/builds/build/Capriola-Regular.ttf.fix /home/travis/build/fontdirectory/capriola/builds/build/Capriola-Regular.ttf
$ bakery-vmet-fix.py /home/travis/build/fontdirectory/capriola/builds/build/Capriola-Regular.ttf
Parameter              Capriola-Regular.ttf    
ymax                   1994                    
hhea.ascent            1994                    
OS/2.sTypoAscender     1994                    
OS/2.usWinAscent       1994                    
ymin                   -568                    
hhea.descent           -568                    
OS/2.sTypoDescender    -568                    
OS/2.usWinDescent      568                     
hhea.lineGap           0                       
OS/2.sTypoLineGap      0                       
hhea total             2562                    
typo total             2562                    
win total              2562                    
UPM:Heights            2048:2562               
UPM:Heights %          125 %                   


bakery_lint.tests.downstream.test_check_vertical_metrics.CheckVerticalAscentMetrics.test_metrics_ascents_equal_bbox(): FAIL
Success: Generated OpenType-TTF (/home/travis/build/fontdirectory/capriola/builds/build/Capriola-Regular-OTF.ttf)
### Test Capriola-Regular-OTF.ttf
$ bakery-lint.py result Capriola-Regular-OTF.ttf
### (5 of 6) Generate METADATA.json (genmetadata.py)
$ genmetadata.py /home/travis/build/fontdirectory/capriola/builds/build
{} exists
Designer's name from font is: Viktoriya Grabowska
bakery_lint.tests.downstream.test_check_font_agreements.CheckFsTypeIsNotSet.test_is_fstype_not_set(): OK
$ bakery-fstype-fix.py --autofix /home/travis/build/fontdirectory/capriola/builds/build/Capriola-Regular-OTF.ttf
$ mv /home/travis/build/fontdirectory/capriola/builds/build/Capriola-Regular-OTF.ttf.fix /home/travis/build/fontdirectory/capriola/builds/build/Capriola-Regular-OTF.ttf
bakery_lint.tests.downstream.test_check_font_agreements.CheckFontAgreements.test_em_is_1000(): FAIL
bakery_lint.tests.downstream.test_check_font_agreements.CheckFontAgreements.test_file_is_font(): OK
Original size: 106836\nGzip size: 48136
Family Name: Capriola
PS Name: Capriola-Regular
bakery_lint.tests.downstream.test_check_font_agreements.CheckFontAgreements.test_font_is_font(): OK
Full Name: Capriola Regular
bakery_lint.tests.downstream.test_check_font_agreements.CheckFontAgreements.test_latin_file_exists(): FAIL
Style: normal
Weight: 400
Filename: Capriola-Regular.ttf
Copyright: Copyright (c) 2012, Sorkin Type Co (www.sorkintype.com) with Reserved Font Name "Capriola".
Family Name: Capriola
bakery_lint.tests.downstream.test_check_unencoded_glyph.TestFontUnencodedGlyph.test_font_unencoded_glyphs(): FAIL
$ bakery-encode-glyphs-fix.py --autofix /home/travis/build/fontdirectory/capriola/builds/build/Capriola-Regular-OTF.ttf
PS Name: Capriola-Regular
Full Name: Capriola Regular
Style: normal
Weight: 400
Filename: Capriola-Regular-OTF.ttf
Copyright: Copyright (c) 2012, Sorkin Type Co (www.sorkintype.com)\rwith Reserved Font Name "Capriola".
Family Name: Capriola
PS Name: Capriola-Regular
Full Name: Capriola Regular
Style: normal
Weight: 400
Filename: Capriola-Regular-TTF.ttf
Copyright: Copyright (c) 2012, Sorkin Type Co (www.sorkintype.com) with Reserved Font Name "Capriola".
### (6 of 6) Run tests for METADATA.json
$ bakery-lint.py metadata METADATA.json
$ bakery-vmet-fix.py --autofix /home/travis/build/fontdirectory/capriola/builds/build/Capriola-Regular.ttf /home/travis/build/fontdirectory/capriola/builds/build/Capriola-Regular-OTF.ttf /home/travis/build/fontdirectory/capriola/builds/build/Capriola-Regular-TTF.ttf
bakery_lint.tests.metadata_test.MetadataSubsetsListTest.test_charset_latin(): FAIL
bakery_lint.tests.metadata_test.MetadataSubsetsListTest.test_charset_latin_ext(): FAIL
bakery_lint.tests.metadata_test.MetadataSubsetsListTest.test_charset_menu(): FAIL
bakery_lint.tests.metadata_test.MetadataTest.test_description_is_more_than_500b(): OK
bakery_lint.tests.metadata_test.MetadataTest.test_description_is_valid_html(): OK
$ mv /home/travis/build/fontdirectory/capriola/builds/build/Capriola-Regular-OTF.ttf.fix /home/travis/build/fontdirectory/capriola/builds/build/Capriola-Regular-OTF.ttf
bakery_lint.tests.downstream.test_check_unencoded_glyph.TestFontUnencodedGlyph.test_font_unencoded_glyphs(): FAIL
bakery_lint.tests.downstream.test_check_name_table_recommendation.CheckStyleNameRecommendation.test_check_stylename_is_under_recommendations(): OK
bakery_lint.tests.downstream.test_check_name_table_recommendation.CheckOTFamilyNameRecommendation.test_check_opentype_familyname(): FAIL
$ bakery-opentype-fix.py /home/travis/build/fontdirectory/capriola/builds/build/Capriola-Regular-OTF.ttf
$ mv /home/travis/build/fontdirectory/capriola/builds/build/Capriola-Regular-OTF.ttf.fix /home/travis/build/fontdirectory/capriola/builds/build/Capriola-Regular-OTF.ttf
bakery_lint.tests.downstream.test_check_name_table_recommendation.CheckOTFamilyNameRecommendation.test_check_opentype_familyname(): OK
bakery_lint.tests.downstream.test_check_name_table_recommendation.CheckOTStyleNameRecommendation.test_check_opentype_stylename(): OK
bakery_lint.tests.downstream.test_check_name_table_recommendation.CheckOTFullNameRecommendation.test_check_opentype_fullname(): OK
bakery_lint.tests.downstream.test_check_upm_heights_less_120.TestCheckUPMHeightsLess120.test_check_upm_heigths_less_120(): FAIL
bakery_lint.tests.metadata_test.MetadataTest.test_does_not_familyName_exist_in_daltonmaag_catalogue(): FAIL
bakery_lint.tests.downstream.test_check_vertical_metrics.CheckVerticalAscentMetrics.test_metrics_ascents_equal_bbox(): FAIL
bakery_lint.tests.downstream.test_check_vertical_metrics.CheckVerticalLinegapMetrics.test_metrics_linegaps_are_zero(): OK
bakery_lint.tests.metadata_test.MetadataTest.test_does_not_familyName_exist_in_fontbureau_catalogue(): OK
$ mv /home/travis/build/fontdirectory/capriola/builds/build/Capriola-Regular.ttf.fix /home/travis/build/fontdirectory/capriola/builds/build/Capriola-Regular.ttf
$ mv /home/travis/build/fontdirectory/capriola/builds/build/Capriola-Regular-OTF.ttf.fix /home/travis/build/fontdirectory/capriola/builds/build/Capriola-Regular-OTF.ttf
$ mv /home/travis/build/fontdirectory/capriola/builds/build/Capriola-Regular-TTF.ttf.fix /home/travis/build/fontdirectory/capriola/builds/build/Capriola-Regular-TTF.ttf
$ bakery-vmet-fix.py /home/travis/build/fontdirectory/capriola/builds/build/Capriola-Regular.ttf /home/travis/build/fontdirectory/capriola/builds/build/Capriola-Regular-OTF.ttf /home/travis/build/fontdirectory/capriola/builds/build/Capriola-Regular-TTF.ttf
bakery_lint.tests.downstream.test_check_vertical_metrics.CheckVerticalDescentMetrics.test_metrics_descents_equal_bbox(): OK
bakery_lint.tests.downstream.test_check_magic_prep_code.CheckMagicPREPByteCode.test_prep_magic_code(): FAIL
bakery_lint.tests.downstream.test_check_glyf_table_length.CheckGlyfTableLength.test_check_glyf_table_length(): FAIL
bakery_lint.tests.downstream.test_check_nbsp_width_matches_sp_width.CheckNbspWidthMatchesSpWidth.test_check_nbsp_width_matches_sp_width(): FAIL
$ bakery-nbsp-fix.py /home/travis/build/fontdirectory/capriola/builds/build/Capriola-Regular.ttf
$ mv /home/travis/build/fontdirectory/capriola/builds/build/Capriola-Regular.ttf.fix /home/travis/build/fontdirectory/capriola/builds/build/Capriola-Regular.ttf
bakery_lint.tests.downstream.test_check_nbsp_width_matches_sp_width.CheckNbspWidthMatchesSpWidth.test_check_nbsp_width_matches_sp_width(): FAIL
bakery_lint.tests.downstream.test_check_vertical_metrics.CheckVerticalAscentMetrics.test_metrics_ascents_equal_bbox(): FAIL
$ bakery-vmet-fix.py --autofix /home/travis/build/fontdirectory/capriola/builds/build/Capriola-Regular.ttf /home/travis/build/fontdirectory/capriola/builds/build/Capriola-Regular-OTF.ttf /home/travis/build/fontdirectory/capriola/builds/build/Capriola-Regular-TTF.ttf
bakery_lint.tests.metadata_test.MetadataTest.test_does_not_familyName_exist_in_fontscom_catalogue(): OK
bakery_lint.tests.metadata_test.MetadataTest.test_does_not_familyName_exist_in_fontshop_catalogue(): FAIL
bakery_lint.tests.downstream.test_fontforge_validation_state.FontForgeValidateStateTest.test_allowed_numbers_paths_in_composite_glyphs(): OK
bakery_lint.tests.downstream.test_fontforge_validation_state.FontForgeValidateStateTest.test_allowed_numbers_paths_in_glyphs(): OK
bakery_lint.tests.downstream.test_fontforge_validation_state.FontForgeValidateStateTest.test_allowed_numbers_points_in_composite_glyphs(): OK
bakery_lint.tests.downstream.test_fontforge_validation_state.FontForgeValidateStateTest.test_allowed_numbers_points_in_glyphs(): OK
bakery_lint.tests.downstream.test_fontforge_validation_state.FontForgeValidateStateTest.test_duplicate_glyphs(): OK
bakery_lint.tests.downstream.test_fontforge_validation_state.FontForgeValidateStateTest.test_duplicate_unicode_codepoints(): OK
bakery_lint.tests.downstream.test_fontforge_validation_state.FontForgeValidateStateTest.test_flipped_reference_in_glyphs(): OK
bakery_lint.tests.downstream.test_fontforge_validation_state.FontForgeValidateStateTest.test_missing_anchors(): OK
bakery_lint.tests.downstream.test_fontforge_validation_state.FontForgeValidateStateTest.test_missing_extrema_in_glyphs(): FAIL
bakery_lint.tests.downstream.test_fontforge_validation_state.FontForgeValidateStateTest.test_overlapped_hints(): OK
bakery_lint.tests.downstream.test_fontforge_validation_state.FontForgeValidateStateTest.test_points_are_integer_aligned(): OK
bakery_lint.tests.downstream.test_fontforge_validation_state.FontForgeValidateStateTest.test_points_are_not_too_far_apart(): OK
bakery_lint.tests.downstream.test_fontforge_validation_state.FontForgeValidateStateTest.test_postscript_hasnt_limit_hints_in_glyphs(): OK
bakery_lint.tests.downstream.test_fontforge_validation_state.FontForgeValidateStateTest.test_postscript_hasnt_limit_points_in_glyphs(): OK
bakery_lint.tests.downstream.test_fontforge_validation_state.FontForgeValidateStateTest.test_referenced_glyphs_are_present(): OK
bakery_lint.tests.downstream.test_fontforge_validation_state.FontForgeValidateStateTest.test_valid_glyph_names(): OK
bakery_lint.tests.downstream.test_fontforge_validation_state.FontForgeValidateStateTest.test_valid_length_instructions(): OK
bakery_lint.tests.downstream.test_fontforge_validation_state.FontForgeValidateStateTest.test_validation_glyph_intersect(): FAIL
bakery_lint.tests.downstream.test_fontforge_validation_state.FontForgeValidateStateTest.test_validation_open_contours(): OK
bakery_lint.tests.downstream.test_fontforge_validation_state.FontForgeValidateStateTest.test_wrong_direction_in_glyphs(): FAIL
bakery_lint.tests.downstream.test_gpos_table_has_kerning_info.CheckGposTableHasKerningInfo.test_gpos_table_has_kerning_info(): FAIL
bakery_lint.tests.downstream.test_check_font_tables.CheckFontHasDsigTable.test_check_font_has_dsig_table(): FAIL
$ bakery-dsig.py /home/travis/build/fontdirectory/capriola/builds/build/Capriola-Regular.ttf
$ mv /home/travis/build/fontdirectory/capriola/builds/build/Capriola-Regular.ttf.fix /home/travis/build/fontdirectory/capriola/builds/build/Capriola-Regular.ttf
bakery_lint.tests.downstream.test_check_font_tables.CheckFontHasDsigTable.test_check_font_has_dsig_table(): OK
bakery_lint.tests.downstream.test_check_font_tables.CheckFontHasNotKernTable.test_no_kern_table_exists(): OK
bakery_lint.tests.downstream.test_check_license_included.CheckLicenseIncluded.test_license_included_in_font_names(): OK
bakery_lint.tests.downstream.test_check_no_problematic_formats.CheckNoProblematicFormats.test_check_no_problematic_formats(): OK
bakery_lint.tests.downstream.test_check_full_font_name_begins_with_family_name.CheckFullFontNameBeginsWithFamilyName.test_check_full_font_name_begins_with_family_name(): OK
bakery_lint.tests.downstream.test_check_unused_glyph_data.CheckUnusedGlyphData.test_check_unused_glyph_data(): ERROR
bakery_lint.tests.downstream.test_check_panose_identification.CheckPanoseIdentification.test_check_panose_identification(): OK
bakery_lint.tests.downstream.test_check_names_same_across_platforms.CheckNamesSameAcrossPlatforms.test_check_names_same_across_platforms(): OK
bakery_lint.tests.downstream.test_check_glyph_existence.CheckGlyphExistence.test_euro(): OK
bakery_lint.tests.downstream.test_check_glyph_existence.CheckGlyphExistence.test_nbsp(): OK
bakery_lint.tests.downstream.test_check_glyph_existence.CheckGlyphExistence.test_space(): OK
bakery_lint.tests.downstream.test_gasp_table_value.CheckGaspTableType.test_check_gasp_table_type(): OK
$ bakery-gasp.py --set=15 /home/travis/build/fontdirectory/capriola/builds/build/Capriola-Regular.ttf
$ mv /home/travis/build/fontdirectory/capriola/builds/build/Capriola-Regular.ttf.fix /home/travis/build/fontdirectory/capriola/builds/build/Capriola-Regular.ttf
bakery_lint.tests.downstream.test_names_are_ascii_only.CheckNamesAreASCIIOnly.test_check_names_are_ascii_only(): OK
bakery_lint.tests.downstream.test_check_os2_width_class.CheckOS2WidthClass.test_check_os2_width_class(): OK
bakery_lint.tests.downstream.test_check_fontname_matches_macstyle.CheckFontNameEqualToMacStyleFlags.test_fontname_is_equal_to_macstyle(): FAIL
bakery_lint.tests.downstream.test_check_italic_angle_agreement.CheckItalicAngleAgreement.test_check_italic_angle_agreement(): OK
Parameter              Capriola-Regular.ttf    Capriola-Regular-OTF.ttf    Capriola-Regular-TTF.ttf    
ymax                   1994                    1992                        1992                        
hhea.ascent            1994                    1994                        1994                        
OS/2.sTypoAscender     1994                    1994                        1994                        
OS/2.usWinAscent       1994                    1994                        1994                        
ymin                   -568                    -568                        -568                        
hhea.descent           -568                    -568                        -568                        
OS/2.sTypoDescender    -568                    -568                        -568                        
OS/2.usWinDescent      568                     568                         568                         
hhea.lineGap           0                       0                           0                           
OS/2.sTypoLineGap      0                       0                           0                           
hhea total             2562                    2562                        2562                        
typo total             2562                    2562                        2562                        
win total              2562                    2562                        2562                        
UPM:Heights            2048:2562               2048:2560                   2048:2560                   
UPM:Heights %          125 %                   125 %                       125 %                       


bakery_lint.tests.downstream.test_check_hmtx_hhea_max_advance_width_agreement.CheckHmtxHheaMaxAdvanceWidthAgreement.test_check_hmtx_hhea_max_advance_width_agreement(): OK
### Optimize TTF Capriola-Regular.ttf
$ ls -l 'Capriola-Regular.ttf'* # look at the size savings of that subset process
Capriola-Regular.ttf.opt: 102452 bytes
Capriola-Regular.ttf: 106892 bytes
$ mv /home/travis/build/fontdirectory/capriola/builds/build/Capriola-Regular.ttf.opt /home/travis/build/fontdirectory/capriola/builds/build/Capriola-Regular.ttf
### Autohint TTFs (ttfautohint) Capriola-Regular.ttf
bakery_lint.tests.metadata_test.MetadataTest.test_does_not_familyName_exist_in_fontsmith_catalogue(): OK
$ ls -l /home/travis/build/fontdirectory/capriola/builds/build/Capriola-Regular.*ttf # look at the size savings of that subset process
/home/travis/build/fontdirectory/capriola/builds/build/Capriola-Regular.ttf: 102452 bytes
/home/travis/build/fontdirectory/capriola/builds/build/Capriola-Regular.autohint.ttf: 106296 bytes
$ mv /home/travis/build/fontdirectory/capriola/builds/build/Capriola-Regular.autohint.ttf /home/travis/build/fontdirectory/capriola/builds/build/Capriola-Regular.ttf
### Subset TTFs (pyftsubset) Capriola-Regular.ttf
$ mv /home/travis/build/fontdirectory/capriola/builds/build/Capriola-Regular.ttf.fix /home/travis/build/fontdirectory/capriola/builds/build/Capriola-Regular.ttf
$ mv /home/travis/build/fontdirectory/capriola/builds/build/Capriola-Regular-OTF.ttf.fix /home/travis/build/fontdirectory/capriola/builds/build/Capriola-Regular-OTF.ttf
$ mv /home/travis/build/fontdirectory/capriola/builds/build/Capriola-Regular-TTF.ttf.fix /home/travis/build/fontdirectory/capriola/builds/build/Capriola-Regular-TTF.ttf
$ bakery-vmet-fix.py /home/travis/build/fontdirectory/capriola/builds/build/Capriola-Regular.ttf /home/travis/build/fontdirectory/capriola/builds/build/Capriola-Regular-OTF.ttf /home/travis/build/fontdirectory/capriola/builds/build/Capriola-Regular-TTF.ttf
Generate Capriola-Regular.latin
Generate Capriola-Regular.menu
spaceWidth is    513
nbspWidth is     513
Nothing to do
strippedname:/home/travis/build/fontdirectory/capriola/builds/build/Capriola-Regular.ttf
bakery_lint.tests.metadata_test.MetadataTest.test_does_not_familyName_exist_in_houseind_catalogue(): OK
bakery_lint.tests.metadata_test.MetadataTest.test_does_not_familyName_exist_in_myfonts_catalogue(): OK
bakery_lint.tests.metadata_test.MetadataTest.test_does_not_familyName_exist_in_veer_catalogue(): OK
bakery_lint.tests.metadata_test.MetadataTest.test_family_is_listed_in_gwf(): FAIL
bakery_lint.tests.metadata_test.MetadataTest.test_metadata_atleast_latin_menu_subsets_exist(): OK
/home/travis/virtualenv/python2.7.8/lib/python2.7/site-packages/bakery_lint/tests/metadata_test.py:141: UnicodeWarning: Unicode equal comparison failed to convert both arguments to Unicode - interpreting them as being unequal
  self.assertTrue(designer in designers,
bakery_lint.tests.metadata_test.MetadataTest.test_metadata_designer_exists_in_profiles_csv(): OK
bakery_lint.tests.metadata_test.MetadataTest.test_metadata_fonts_items_dicts(): OK
bakery_lint.tests.metadata_test.MetadataTest.test_metadata_fonts_key_list(): OK
bakery_lint.tests.metadata_test.MetadataTest.test_metadata_fonts_no_dupes(): OK
bakery_lint.tests.metadata_test.MetadataTest.test_metadata_has_unique_style_weight_pairs(): OK
bakery_lint.tests.metadata_test.MetadataTest.test_metadata_keys(): OK
bakery_lint.tests.metadata_test.MetadataTest.test_metadata_license(): OK
bakery_lint.tests.metadata_test.MetadataTest.test_metadata_no_unknown_top_keys(): OK
bakery_lint.tests.metadata_test.MetadataTest.test_metadata_subsets_key_list(): OK
bakery_lint.tests.metadata_test.MetadataTest.test_metadata_top_keys_types(): FAIL
bakery_lint.tests.downstream.test_check_font_name_not_in_camelcase.CheckFontNameNotInCamelCase.test_fontname_not_in_camel_case(): OK
bakery_lint.tests.downstream.test_check_familyname_matches_fontnames.CheckFamilyNameMatchesFontNames.test_check_familyname_matches_fontnames(): OK
bakery_lint.tests.downstream.test_check_text_files_exist.CheckTextFilesExist.test_copyrighttxt_exists(): FAIL
bakery_lint.tests.downstream.test_check_text_files_exist.CheckTextFilesExist.test_description_exists(): OK
bakery_lint.tests.downstream.test_check_text_files_exist.CheckTextFilesExist.test_fontlogtxt_exists(): OK
bakery_lint.tests.downstream.test_check_text_files_exist.CheckTextFilesExist.test_licensetxt_exists(): FAIL
bakery_lint.tests.downstream.test_check_menu_contains_proper_glyphs.CheckMenuSubsetContainsProperGlyphs.test_check_menu_contains_proper_glyphs(): FAIL
bakery_lint.tests.downstream.test_check_canonical_filenames.CheckCanonicalFilenames.test_check_canonical_filenames(): OK
bakery_lint.tests.downstream.test_metadata_agreements.CheckMetadataAgreements.test_font_name_matches_family(): OK
bakery_lint.tests.downstream.test_metadata_agreements.CheckMetadataAgreements.test_metadata_family(): OK
bakery_lint.tests.downstream.test_metadata_agreements.CheckMetadataAgreements.test_metadata_family_values_are_all_the_same(): OK
bakery_lint.tests.downstream.test_metadata_agreements.CheckMetadataAgreements.test_metadata_filename_matches_postScriptName(): FAIL
bakery_lint.tests.downstream.test_metadata_agreements.CheckMetadataAgreements.test_metadata_font_have_regular(): OK
bakery_lint.tests.downstream.test_metadata_agreements.CheckMetadataAgreements.test_metadata_fonts_fields_have_fontname(): OK
bakery_lint.tests.downstream.test_metadata_agreements.CheckMetadataAgreements.test_metadata_fullname_is_equal_to_internal_font_fullname(): OK
bakery_lint.tests.downstream.test_metadata_agreements.CheckMetadataAgreements.test_metadata_fullname_matches_postScriptName(): OK
bakery_lint.tests.downstream.test_metadata_agreements.CheckMetadataAgreements.test_metadata_postScriptName_matches_ttf_fontname(): OK
bakery_lint.tests.downstream.test_metadata_agreements.CheckMetadataAgreements.test_metadata_regular_is_400(): OK
bakery_lint.tests.downstream.test_metadata_agreements.CheckMetadataAgreements.test_metadata_regular_is_normal(): OK
bakery_lint.tests.downstream.test_check_metadata_style_matches_names.CheckItalicStyleMatchesMacStyle.test_check_italic_style_matches_names(): OK
bakery_lint.tests.downstream.test_check_metadata_style_matches_names.CheckNormalStyleMatchesMacStyle.test_check_normal_style_matches_names(): OK
bakery_lint.tests.downstream.test_check_files_menu_agreements.CheckFontsMenuAgreements.test_menu_file_agreement(): OK
bakery_lint.tests.downstream.test_check_metadata_fields.CheckMetadataFields.test_check_metadata_fields(): OK
bakery_lint.tests.downstream.test_check_canonical_styles.CheckCanonicalStyles.test_check_canonical_styles(): FAIL
bakery_lint.tests.downstream.test_check_glyph_consistency.CheckGlyphConsistencyInFamily.test_the_same_encodings_of_glyphs_across_family(): OK
bakery_lint.tests.downstream.test_check_glyph_consistency.CheckGlyphConsistencyInFamily.test_the_same_names_of_glyphs_across_family(): OK
bakery_lint.tests.downstream.test_check_glyph_consistency.CheckGlyphConsistencyInFamily.test_the_same_number_of_glyphs_across_family(): OK
bakery_lint.tests.downstream.test_check_subsets_exists.CheckSubsetsExist.test_check_subsets_exists(): FAIL
bakery_lint.tests.downstream.test_metadata_font_copyright.CheckMetadataContainsReservedFontName.test_copyright_contains_correct_rfn(): OK
bakery_lint.tests.downstream.test_metadata_font_copyright.CheckMetadataContainsReservedFontName.test_copyright_is_consistent_across_family(): OK
bakery_lint.tests.downstream.test_metadata_font_copyright.CheckMetadataContainsReservedFontName.test_copyright_matches_pattern(): OK
bakery_lint.tests.downstream.test_metadata_font_copyright.CheckMetadataContainsReservedFontName.test_metadata_copyright_size(): OK
bakery_lint.tests.downstream.test_check_monospace_agreements.CheckMonospaceAgreement.test_check_monospace_agreement(): OK
bakery_lint.tests.downstream.test_check_canonical_weights.CheckCanonicalWeights.test_check_canonical_weights(): OK
bakery_lint.tests.downstream.test_check_canonical_weights.CheckPostScriptNameMatchesWeight.test_postscriptname_contains_correct_weight(): OK
bakery_lint.tests.downstream.test_check_canonical_weights.CheckFontWeightSameAsInMetadata.test_font_weight_same_as_in_metadata(): OK
bakery_lint.tests.downstream.test_check_canonical_weights.CheckFullNameEqualCanonicalName.test_metadata_contains_current_font(): OK
bakery_lint.tests.downstream.test_check_metadata_matches_nametable.CheckMetadataMatchesNameTable.test_check_metadata_matches_nametable(): OK
bakery_lint.tests.downstream.test_check_vertical_metrics.CheckVerticalAscentMetrics.test_metrics_ascents_equal_bbox(): OK
Parameter              Capriola-Regular.ttf    Capriola-Regular-OTF.ttf    Capriola-Regular-TTF.ttf    
ymax                   1994                    1992                        1992                        
hhea.ascent            1994                    1994                        1994                        
OS/2.sTypoAscender     1994                    1994                        1994                        
OS/2.usWinAscent       1994                    1994                        1994                        
ymin                   -568                    -568                        -568                        
hhea.descent           -568                    -568                        -568                        
OS/2.sTypoDescender    -568                    -568                        -568                        
OS/2.usWinDescent      568                     568                         568                         
hhea.lineGap           0                       0                           0                           
OS/2.sTypoLineGap      0                       0                           0                           
hhea total             2562                    2562                        2562                        
typo total             2562                    2562                        2562                        
win total              2562                    2562                        2562                        
UPM:Heights            2048:2562               2048:2560                   2048:2560                   
UPM:Heights %          125 %                   125 %                       125 %                       


bakery_lint.tests.downstream.test_check_vertical_metrics.CheckVerticalDescentMetrics.test_metrics_descents_equal_bbox(): OK
bakery_lint.tests.downstream.test_check_magic_prep_code.CheckMagicPREPByteCode.test_prep_magic_code(): FAIL
bakery_lint.tests.downstream.test_check_glyf_table_length.CheckGlyfTableLength.test_check_glyf_table_length(): FAIL
bakery_lint.tests.downstream.test_check_nbsp_width_matches_sp_width.CheckNbspWidthMatchesSpWidth.test_check_nbsp_width_matches_sp_width(): FAIL
$ bakery-nbsp-fix.py /home/travis/build/fontdirectory/capriola/builds/build/Capriola-Regular-TTF.ttf
bakery_lint.tests.downstream.test_check_vertical_metrics.CheckVerticalAscentMetrics.test_metrics_ascents_equal_bbox(): OK
$ mv /home/travis/build/fontdirectory/capriola/builds/build/Capriola-Regular-TTF.ttf.fix /home/travis/build/fontdirectory/capriola/builds/build/Capriola-Regular-TTF.ttf
bakery_lint.tests.downstream.test_check_nbsp_width_matches_sp_width.CheckNbspWidthMatchesSpWidth.test_check_nbsp_width_matches_sp_width(): FAIL
The following table(s) in the font have been ignored by FontForge
  Ignoring 'DSIG' digital signature table
bakery_lint.tests.downstream.test_fontforge_validation_state.FontForgeValidateStateTest.test_allowed_numbers_paths_in_composite_glyphs(): OK
bakery_lint.tests.downstream.test_fontforge_validation_state.FontForgeValidateStateTest.test_allowed_numbers_paths_in_glyphs(): OK
bakery_lint.tests.downstream.test_fontforge_validation_state.FontForgeValidateStateTest.test_allowed_numbers_points_in_composite_glyphs(): OK
bakery_lint.tests.downstream.test_fontforge_validation_state.FontForgeValidateStateTest.test_allowed_numbers_points_in_glyphs(): OK
bakery_lint.tests.downstream.test_fontforge_validation_state.FontForgeValidateStateTest.test_duplicate_glyphs(): OK
bakery_lint.tests.downstream.test_fontforge_validation_state.FontForgeValidateStateTest.test_duplicate_unicode_codepoints(): OK
bakery_lint.tests.downstream.test_fontforge_validation_state.FontForgeValidateStateTest.test_flipped_reference_in_glyphs(): OK
bakery_lint.tests.downstream.test_fontforge_validation_state.FontForgeValidateStateTest.test_missing_anchors(): OK
bakery_lint.tests.downstream.test_fontforge_validation_state.FontForgeValidateStateTest.test_missing_extrema_in_glyphs(): FAIL
bakery_lint.tests.downstream.test_fontforge_validation_state.FontForgeValidateStateTest.test_overlapped_hints(): OK
bakery_lint.tests.downstream.test_fontforge_validation_state.FontForgeValidateStateTest.test_points_are_integer_aligned(): OK
bakery_lint.tests.downstream.test_fontforge_validation_state.FontForgeValidateStateTest.test_points_are_not_too_far_apart(): OK
bakery_lint.tests.downstream.test_fontforge_validation_state.FontForgeValidateStateTest.test_postscript_hasnt_limit_hints_in_glyphs(): OK
bakery_lint.tests.downstream.test_fontforge_validation_state.FontForgeValidateStateTest.test_postscript_hasnt_limit_points_in_glyphs(): OK
bakery_lint.tests.downstream.test_fontforge_validation_state.FontForgeValidateStateTest.test_referenced_glyphs_are_present(): OK
bakery_lint.tests.downstream.test_fontforge_validation_state.FontForgeValidateStateTest.test_valid_glyph_names(): OK
bakery_lint.tests.downstream.test_fontforge_validation_state.FontForgeValidateStateTest.test_valid_length_instructions(): OK
bakery_lint.tests.downstream.test_fontforge_validation_state.FontForgeValidateStateTest.test_validation_glyph_intersect(): OK
bakery_lint.tests.downstream.test_fontforge_validation_state.FontForgeValidateStateTest.test_validation_open_contours(): OK
bakery_lint.tests.downstream.test_fontforge_validation_state.FontForgeValidateStateTest.test_wrong_direction_in_glyphs(): OK
bakery_lint.tests.downstream.test_gpos_table_has_kerning_info.CheckGposTableHasKerningInfo.test_gpos_table_has_kerning_info(): FAIL
bakery_lint.tests.downstream.test_check_font_tables.CheckFontHasDsigTable.test_check_font_has_dsig_table(): OK
bakery_lint.tests.downstream.test_check_font_tables.CheckFontHasNotKernTable.test_no_kern_table_exists(): OK
bakery_lint.tests.downstream.test_check_license_included.CheckLicenseIncluded.test_license_included_in_font_names(): OK
bakery_lint.tests.downstream.test_check_no_problematic_formats.CheckNoProblematicFormats.test_check_no_problematic_formats(): OK
bakery_lint.tests.downstream.test_check_full_font_name_begins_with_family_name.CheckFullFontNameBeginsWithFamilyName.test_check_full_font_name_begins_with_family_name(): OK
bakery_lint.tests.downstream.test_check_unused_glyph_data.CheckUnusedGlyphData.test_check_unused_glyph_data(): ERROR
bakery_lint.tests.downstream.test_check_panose_identification.CheckPanoseIdentification.test_check_panose_identification(): OK
bakery_lint.tests.downstream.test_check_names_same_across_platforms.CheckNamesSameAcrossPlatforms.test_check_names_same_across_platforms(): OK
bakery_lint.tests.downstream.test_check_glyph_existence.CheckGlyphExistence.test_euro(): OK
bakery_lint.tests.downstream.test_check_glyph_existence.CheckGlyphExistence.test_nbsp(): OK
bakery_lint.tests.downstream.test_check_glyph_existence.CheckGlyphExistence.test_space(): OK
bakery_lint.tests.downstream.test_gasp_table_value.CheckGaspTableType.test_check_gasp_table_type(): OK
$ bakery-gasp.py --set=15 /home/travis/build/fontdirectory/capriola/builds/build/Capriola-Regular-TTF.ttf
$ mv /home/travis/build/fontdirectory/capriola/builds/build/Capriola-Regular-TTF.ttf.fix /home/travis/build/fontdirectory/capriola/builds/build/Capriola-Regular-TTF.ttf
bakery_lint.tests.downstream.test_names_are_ascii_only.CheckNamesAreASCIIOnly.test_check_names_are_ascii_only(): OK
bakery_lint.tests.downstream.test_check_os2_width_class.CheckOS2WidthClass.test_check_os2_width_class(): OK
bakery_lint.tests.downstream.test_check_fontname_matches_macstyle.CheckFontNameEqualToMacStyleFlags.test_fontname_is_equal_to_macstyle(): FAIL
bakery_lint.tests.downstream.test_check_italic_angle_agreement.CheckItalicAngleAgreement.test_check_italic_angle_agreement(): OK
bakery_lint.tests.downstream.test_check_hmtx_hhea_max_advance_width_agreement.CheckHmtxHheaMaxAdvanceWidthAgreement.test_check_hmtx_hhea_max_advance_width_agreement(): OK
### Optimize TTF Capriola-Regular-TTF.ttf
$ ls -l 'Capriola-Regular-TTF.ttf'* # look at the size savings of that subset process
Capriola-Regular-TTF.ttf.opt: 71840 bytes
Capriola-Regular-TTF.ttf: 76660 bytes
$ mv /home/travis/build/fontdirectory/capriola/builds/build/Capriola-Regular-TTF.ttf.opt /home/travis/build/fontdirectory/capriola/builds/build/Capriola-Regular-TTF.ttf
### Autohint TTFs (ttfautohint) Capriola-Regular-TTF.ttf
bakery_lint.tests.downstream.test_check_vertical_metrics.CheckVerticalDescentMetrics.test_metrics_descents_equal_bbox(): OK
bakery_lint.tests.downstream.test_check_magic_prep_code.CheckMagicPREPByteCode.test_prep_magic_code(): FAIL
bakery_lint.tests.downstream.test_check_glyf_table_length.CheckGlyfTableLength.test_check_glyf_table_length(): FAIL
bakery_lint.tests.downstream.test_check_nbsp_width_matches_sp_width.CheckNbspWidthMatchesSpWidth.test_check_nbsp_width_matches_sp_width(): FAIL
$ bakery-nbsp-fix.py /home/travis/build/fontdirectory/capriola/builds/build/Capriola-Regular-OTF.ttf
$ ls -l /home/travis/build/fontdirectory/capriola/builds/build/Capriola-Regular-TTF.*ttf # look at the size savings of that subset process
/home/travis/build/fontdirectory/capriola/builds/build/Capriola-Regular-TTF.ttf: 71840 bytes
/home/travis/build/fontdirectory/capriola/builds/build/Capriola-Regular-TTF.autohint.ttf: 101912 bytes
$ mv /home/travis/build/fontdirectory/capriola/builds/build/Capriola-Regular-TTF.autohint.ttf /home/travis/build/fontdirectory/capriola/builds/build/Capriola-Regular-TTF.ttf
### Subset TTFs (pyftsubset) Capriola-Regular-TTF.ttf
$ mv /home/travis/build/fontdirectory/capriola/builds/build/Capriola-Regular-OTF.ttf.fix /home/travis/build/fontdirectory/capriola/builds/build/Capriola-Regular-OTF.ttf
bakery_lint.tests.downstream.test_check_nbsp_width_matches_sp_width.CheckNbspWidthMatchesSpWidth.test_check_nbsp_width_matches_sp_width(): FAIL
The following table(s) in the font have been ignored by FontForge
  Ignoring 'DSIG' digital signature table
Generate Capriola-Regular-TTF.latin
Generate Capriola-Regular-TTF.menu
spaceWidth is    513
nbspWidth is     513
Nothing to do
strippedname:/home/travis/build/fontdirectory/capriola/builds/build/Capriola-Regular-TTF.ttf
bakery_lint.tests.downstream.test_fontforge_validation_state.FontForgeValidateStateTest.test_allowed_numbers_paths_in_composite_glyphs(): OK
bakery_lint.tests.downstream.test_fontforge_validation_state.FontForgeValidateStateTest.test_allowed_numbers_paths_in_glyphs(): OK
bakery_lint.tests.downstream.test_fontforge_validation_state.FontForgeValidateStateTest.test_allowed_numbers_points_in_composite_glyphs(): OK
bakery_lint.tests.downstream.test_fontforge_validation_state.FontForgeValidateStateTest.test_allowed_numbers_points_in_glyphs(): OK
bakery_lint.tests.downstream.test_fontforge_validation_state.FontForgeValidateStateTest.test_duplicate_glyphs(): OK
bakery_lint.tests.downstream.test_fontforge_validation_state.FontForgeValidateStateTest.test_duplicate_unicode_codepoints(): OK
bakery_lint.tests.downstream.test_fontforge_validation_state.FontForgeValidateStateTest.test_flipped_reference_in_glyphs(): OK
bakery_lint.tests.downstream.test_fontforge_validation_state.FontForgeValidateStateTest.test_missing_anchors(): OK
bakery_lint.tests.downstream.test_fontforge_validation_state.FontForgeValidateStateTest.test_missing_extrema_in_glyphs(): FAIL
bakery_lint.tests.downstream.test_fontforge_validation_state.FontForgeValidateStateTest.test_overlapped_hints(): OK
bakery_lint.tests.downstream.test_fontforge_validation_state.FontForgeValidateStateTest.test_points_are_integer_aligned(): OK
bakery_lint.tests.downstream.test_fontforge_validation_state.FontForgeValidateStateTest.test_points_are_not_too_far_apart(): OK
bakery_lint.tests.downstream.test_fontforge_validation_state.FontForgeValidateStateTest.test_postscript_hasnt_limit_hints_in_glyphs(): OK
bakery_lint.tests.downstream.test_fontforge_validation_state.FontForgeValidateStateTest.test_postscript_hasnt_limit_points_in_glyphs(): OK
bakery_lint.tests.downstream.test_fontforge_validation_state.FontForgeValidateStateTest.test_referenced_glyphs_are_present(): OK
bakery_lint.tests.downstream.test_fontforge_validation_state.FontForgeValidateStateTest.test_valid_glyph_names(): OK
bakery_lint.tests.downstream.test_fontforge_validation_state.FontForgeValidateStateTest.test_valid_length_instructions(): OK
bakery_lint.tests.downstream.test_fontforge_validation_state.FontForgeValidateStateTest.test_validation_glyph_intersect(): OK
bakery_lint.tests.downstream.test_fontforge_validation_state.FontForgeValidateStateTest.test_validation_open_contours(): OK
bakery_lint.tests.downstream.test_fontforge_validation_state.FontForgeValidateStateTest.test_wrong_direction_in_glyphs(): OK
bakery_lint.tests.downstream.test_gpos_table_has_kerning_info.CheckGposTableHasKerningInfo.test_gpos_table_has_kerning_info(): FAIL
bakery_lint.tests.downstream.test_check_font_tables.CheckFontHasDsigTable.test_check_font_has_dsig_table(): OK
bakery_lint.tests.downstream.test_check_font_tables.CheckFontHasNotKernTable.test_no_kern_table_exists(): OK
bakery_lint.tests.downstream.test_check_license_included.CheckLicenseIncluded.test_license_included_in_font_names(): OK
bakery_lint.tests.downstream.test_check_no_problematic_formats.CheckNoProblematicFormats.test_check_no_problematic_formats(): OK
bakery_lint.tests.downstream.test_check_full_font_name_begins_with_family_name.CheckFullFontNameBeginsWithFamilyName.test_check_full_font_name_begins_with_family_name(): OK
bakery_lint.tests.downstream.test_check_unused_glyph_data.CheckUnusedGlyphData.test_check_unused_glyph_data(): ERROR
bakery_lint.tests.downstream.test_check_panose_identification.CheckPanoseIdentification.test_check_panose_identification(): OK
bakery_lint.tests.downstream.test_check_names_same_across_platforms.CheckNamesSameAcrossPlatforms.test_check_names_same_across_platforms(): OK
bakery_lint.tests.downstream.test_check_glyph_existence.CheckGlyphExistence.test_euro(): OK
bakery_lint.tests.downstream.test_check_glyph_existence.CheckGlyphExistence.test_nbsp(): OK
bakery_lint.tests.downstream.test_check_glyph_existence.CheckGlyphExistence.test_space(): OK
bakery_lint.tests.downstream.test_gasp_table_value.CheckGaspTableType.test_check_gasp_table_type(): FAIL
$ bakery-gasp.py --set=15 /home/travis/build/fontdirectory/capriola/builds/build/Capriola-Regular-OTF.ttf
$ mv /home/travis/build/fontdirectory/capriola/builds/build/Capriola-Regular-OTF.ttf.fix /home/travis/build/fontdirectory/capriola/builds/build/Capriola-Regular-OTF.ttf
bakery_lint.tests.downstream.test_gasp_table_value.CheckGaspTableType.test_check_gasp_table_type(): OK
$ bakery-gasp.py --set=15 /home/travis/build/fontdirectory/capriola/builds/build/Capriola-Regular-OTF.ttf
$ mv /home/travis/build/fontdirectory/capriola/builds/build/Capriola-Regular-OTF.ttf.fix /home/travis/build/fontdirectory/capriola/builds/build/Capriola-Regular-OTF.ttf
bakery_lint.tests.downstream.test_names_are_ascii_only.CheckNamesAreASCIIOnly.test_check_names_are_ascii_only(): OK
bakery_lint.tests.downstream.test_check_os2_width_class.CheckOS2WidthClass.test_check_os2_width_class(): OK
bakery_lint.tests.downstream.test_check_fontname_matches_macstyle.CheckFontNameEqualToMacStyleFlags.test_fontname_is_equal_to_macstyle(): FAIL
bakery_lint.tests.downstream.test_check_italic_angle_agreement.CheckItalicAngleAgreement.test_check_italic_angle_agreement(): OK
bakery_lint.tests.downstream.test_check_hmtx_hhea_max_advance_width_agreement.CheckHmtxHheaMaxAdvanceWidthAgreement.test_check_hmtx_hhea_max_advance_width_agreement(): OK
### Optimize TTF Capriola-Regular-OTF.ttf
$ ls -l 'Capriola-Regular-OTF.ttf'* # look at the size savings of that subset process
Capriola-Regular-OTF.ttf.opt: 68824 bytes
Capriola-Regular-OTF.ttf: 73640 bytes
$ mv /home/travis/build/fontdirectory/capriola/builds/build/Capriola-Regular-OTF.ttf.opt /home/travis/build/fontdirectory/capriola/builds/build/Capriola-Regular-OTF.ttf
### Autohint TTFs (ttfautohint) Capriola-Regular-OTF.ttf
$ ls -l /home/travis/build/fontdirectory/capriola/builds/build/Capriola-Regular-OTF.*ttf # look at the size savings of that subset process
/home/travis/build/fontdirectory/capriola/builds/build/Capriola-Regular-OTF.ttf: 68824 bytes
/home/travis/build/fontdirectory/capriola/builds/build/Capriola-Regular-OTF.autohint.ttf: 100668 bytes
$ mv /home/travis/build/fontdirectory/capriola/builds/build/Capriola-Regular-OTF.autohint.ttf /home/travis/build/fontdirectory/capriola/builds/build/Capriola-Regular-OTF.ttf
### Subset TTFs (pyftsubset) Capriola-Regular-OTF.ttf
Generate Capriola-Regular-OTF.latin
Generate Capriola-Regular-OTF.menu
spaceWidth is    513
nbspWidth is     513
Nothing to do
strippedname:/home/travis/build/fontdirectory/capriola/builds/build/Capriola-Regular-OTF.ttf
{
  "name": "Capriola", 
  "designer": "Viktoriya Grabowska", 
  "license": "OFL", 
  "visibility": "Sandbox", 
  "category": "Sans Serif", 
  "size": 47884, 
  "fonts": [
    {
      "name": "Capriola", 
      "postScriptName": "Capriola-Regular", 
      "fullName": "Capriola Regular", 
      "style": "normal", 
      "weight": 400, 
      "filename": "Capriola-Regular.ttf", 
      "copyright": "Copyright (c) 2012, Sorkin Type Co (www.sorkintype.com) with Reserved Font Name \"Capriola\"."
    }, 
    {
      "name": "Capriola", 
      "postScriptName": "Capriola-Regular", 
      "fullName": "Capriola Regular", 
      "style": "normal", 
      "weight": 400, 
      "filename": "Capriola-Regular-OTF.ttf", 
      "copyright": "Copyright (c) 2012, Sorkin Type Co (www.sorkintype.com)\rwith Reserved Font Name \"Capriola\"."
    }, 
    {
      "name": "Capriola", 
      "postScriptName": "Capriola-Regular", 
      "fullName": "Capriola Regular", 
      "style": "normal", 
      "weight": 400, 
      "filename": "Capriola-Regular-TTF.ttf", 
      "copyright": "Copyright (c) 2012, Sorkin Type Co (www.sorkintype.com) with Reserved Font Name \"Capriola\"."
    }
  ], 
  "subsets": [
    "latin"
  ], 
  "dateAdded": "2012-07-10"
}
